Archive member included to satisfy reference by file (symbol)

/opt/local/lib/gcc/avr/9.1.0/avr5/libgcc.a(_exit.o)
                              /opt/local/lib/gcc/avr/9.1.0/../../../../avr/lib/avr5/crtatmega328pb.o (exit)
/opt/local/lib/gcc/avr/9.1.0/avr5/libgcc.a(_copy_data.o)
                              main.o (__do_copy_data)
/opt/local/lib/gcc/avr/9.1.0/avr5/libgcc.a(_clear_bss.o)
                              main.o (__do_clear_bss)

Discarded input sections

 .data          0x0000000000000000        0x0 /opt/local/lib/gcc/avr/9.1.0/../../../../avr/lib/avr5/crtatmega328pb.o
 .bss           0x0000000000000000        0x0 /opt/local/lib/gcc/avr/9.1.0/../../../../avr/lib/avr5/crtatmega328pb.o
 .text          0x0000000000000000        0x0 main.o
 .data          0x0000000000000000        0x0 main.o
 .bss           0x0000000000000000        0x0 main.o
 .text          0x0000000000000000        0x0 port_init.o
 .data          0x0000000000000000        0x0 port_init.o
 .bss           0x0000000000000000        0x0 port_init.o
 .text.I2C_1_initialization
                0x0000000000000000        0xa port_init.o
 .text          0x0000000000000000        0x0 /opt/local/lib/gcc/avr/9.1.0/avr5/libgcc.a(_exit.o)
 .data          0x0000000000000000        0x0 /opt/local/lib/gcc/avr/9.1.0/avr5/libgcc.a(_exit.o)
 .bss           0x0000000000000000        0x0 /opt/local/lib/gcc/avr/9.1.0/avr5/libgcc.a(_exit.o)
 .text.libgcc.mul
                0x0000000000000000        0x0 /opt/local/lib/gcc/avr/9.1.0/avr5/libgcc.a(_exit.o)
 .text.libgcc.div
                0x0000000000000000        0x0 /opt/local/lib/gcc/avr/9.1.0/avr5/libgcc.a(_exit.o)
 .text.libgcc   0x0000000000000000        0x0 /opt/local/lib/gcc/avr/9.1.0/avr5/libgcc.a(_exit.o)
 .text.libgcc.prologue
                0x0000000000000000        0x0 /opt/local/lib/gcc/avr/9.1.0/avr5/libgcc.a(_exit.o)
 .text.libgcc.builtins
                0x0000000000000000        0x0 /opt/local/lib/gcc/avr/9.1.0/avr5/libgcc.a(_exit.o)
 .text.libgcc.fmul
                0x0000000000000000        0x0 /opt/local/lib/gcc/avr/9.1.0/avr5/libgcc.a(_exit.o)
 .text.libgcc.fixed
                0x0000000000000000        0x0 /opt/local/lib/gcc/avr/9.1.0/avr5/libgcc.a(_exit.o)
 .text          0x0000000000000000        0x0 /opt/local/lib/gcc/avr/9.1.0/avr5/libgcc.a(_copy_data.o)
 .data          0x0000000000000000        0x0 /opt/local/lib/gcc/avr/9.1.0/avr5/libgcc.a(_copy_data.o)
 .bss           0x0000000000000000        0x0 /opt/local/lib/gcc/avr/9.1.0/avr5/libgcc.a(_copy_data.o)
 .text.libgcc.mul
                0x0000000000000000        0x0 /opt/local/lib/gcc/avr/9.1.0/avr5/libgcc.a(_copy_data.o)
 .text.libgcc.div
                0x0000000000000000        0x0 /opt/local/lib/gcc/avr/9.1.0/avr5/libgcc.a(_copy_data.o)
 .text.libgcc   0x0000000000000000        0x0 /opt/local/lib/gcc/avr/9.1.0/avr5/libgcc.a(_copy_data.o)
 .text.libgcc.prologue
                0x0000000000000000        0x0 /opt/local/lib/gcc/avr/9.1.0/avr5/libgcc.a(_copy_data.o)
 .text.libgcc.builtins
                0x0000000000000000        0x0 /opt/local/lib/gcc/avr/9.1.0/avr5/libgcc.a(_copy_data.o)
 .text.libgcc.fmul
                0x0000000000000000        0x0 /opt/local/lib/gcc/avr/9.1.0/avr5/libgcc.a(_copy_data.o)
 .text.libgcc.fixed
                0x0000000000000000        0x0 /opt/local/lib/gcc/avr/9.1.0/avr5/libgcc.a(_copy_data.o)
 .text          0x0000000000000000        0x0 /opt/local/lib/gcc/avr/9.1.0/avr5/libgcc.a(_clear_bss.o)
 .data          0x0000000000000000        0x0 /opt/local/lib/gcc/avr/9.1.0/avr5/libgcc.a(_clear_bss.o)
 .bss           0x0000000000000000        0x0 /opt/local/lib/gcc/avr/9.1.0/avr5/libgcc.a(_clear_bss.o)
 .text.libgcc.mul
                0x0000000000000000        0x0 /opt/local/lib/gcc/avr/9.1.0/avr5/libgcc.a(_clear_bss.o)
 .text.libgcc.div
                0x0000000000000000        0x0 /opt/local/lib/gcc/avr/9.1.0/avr5/libgcc.a(_clear_bss.o)
 .text.libgcc   0x0000000000000000        0x0 /opt/local/lib/gcc/avr/9.1.0/avr5/libgcc.a(_clear_bss.o)
 .text.libgcc.prologue
                0x0000000000000000        0x0 /opt/local/lib/gcc/avr/9.1.0/avr5/libgcc.a(_clear_bss.o)
 .text.libgcc.builtins
                0x0000000000000000        0x0 /opt/local/lib/gcc/avr/9.1.0/avr5/libgcc.a(_clear_bss.o)
 .text.libgcc.fmul
                0x0000000000000000        0x0 /opt/local/lib/gcc/avr/9.1.0/avr5/libgcc.a(_clear_bss.o)
 .text.libgcc.fixed
                0x0000000000000000        0x0 /opt/local/lib/gcc/avr/9.1.0/avr5/libgcc.a(_clear_bss.o)

Memory Configuration

Name             Origin             Length             Attributes
text             0x0000000000000000 0x0000000000008000 xr
data             0x0000000000800060 0x0000000000000800 rw !x
eeprom           0x0000000000810000 0x0000000000000400 rw !x
fuse             0x0000000000820000 0x0000000000000003 rw !x
lock             0x0000000000830000 0x0000000000000400 rw !x
signature        0x0000000000840000 0x0000000000000400 rw !x
user_signatures  0x0000000000850000 0x0000000000000400 rw !x
*default*        0x0000000000000000 0xffffffffffffffff

Linker script and memory map

Address of section .data set to 0x800100
LOAD /opt/local/lib/gcc/avr/9.1.0/../../../../avr/lib/avr5/crtatmega328pb.o
Address of section .text set to 0x7800
LOAD main.o
LOAD port_init.o
START GROUP
LOAD /opt/local/lib/gcc/avr/9.1.0/avr5/libgcc.a
LOAD /opt/local/lib/gcc/avr/9.1.0/../../../../avr/lib/avr5/libm.a
LOAD /opt/local/lib/gcc/avr/9.1.0/../../../../avr/lib/avr5/libc.a
LOAD /opt/local/lib/gcc/avr/9.1.0/../../../../avr/lib/avr5/libatmega328pb.a
END GROUP
                [0x0000000000008000]                __TEXT_REGION_LENGTH__ = DEFINED (__TEXT_REGION_LENGTH__)?__TEXT_REGION_LENGTH__:0x20000
                [0x0000000000000800]                __DATA_REGION_LENGTH__ = DEFINED (__DATA_REGION_LENGTH__)?__DATA_REGION_LENGTH__:0xffa0
                [0x0000000000000400]                __EEPROM_REGION_LENGTH__ = DEFINED (__EEPROM_REGION_LENGTH__)?__EEPROM_REGION_LENGTH__:0x10000
                [0x0000000000000003]                __FUSE_REGION_LENGTH__ = DEFINED (__FUSE_REGION_LENGTH__)?__FUSE_REGION_LENGTH__:0x400
                0x0000000000000400                __LOCK_REGION_LENGTH__ = DEFINED (__LOCK_REGION_LENGTH__)?__LOCK_REGION_LENGTH__:0x400
                0x0000000000000400                __SIGNATURE_REGION_LENGTH__ = DEFINED (__SIGNATURE_REGION_LENGTH__)?__SIGNATURE_REGION_LENGTH__:0x400
                0x0000000000000400                __USER_SIGNATURE_REGION_LENGTH__ = DEFINED (__USER_SIGNATURE_REGION_LENGTH__)?__USER_SIGNATURE_REGION_LENGTH__:0x400

.hash
 *(.hash)

.dynsym
 *(.dynsym)

.dynstr
 *(.dynstr)

.gnu.version
 *(.gnu.version)

.gnu.version_d
 *(.gnu.version_d)

.gnu.version_r
 *(.gnu.version_r)

.rel.init
 *(.rel.init)

.rela.init
 *(.rela.init)

.rel.text
 *(.rel.text)
 *(.rel.text.*)
 *(.rel.gnu.linkonce.t*)

.rela.text
 *(.rela.text)
 *(.rela.text.*)
 *(.rela.gnu.linkonce.t*)

.rel.fini
 *(.rel.fini)

.rela.fini
 *(.rela.fini)

.rel.rodata
 *(.rel.rodata)
 *(.rel.rodata.*)
 *(.rel.gnu.linkonce.r*)

.rela.rodata
 *(.rela.rodata)
 *(.rela.rodata.*)
 *(.rela.gnu.linkonce.r*)

.rel.data
 *(.rel.data)
 *(.rel.data.*)
 *(.rel.gnu.linkonce.d*)

.rela.data
 *(.rela.data)
 *(.rela.data.*)
 *(.rela.gnu.linkonce.d*)

.rel.ctors
 *(.rel.ctors)

.rela.ctors
 *(.rela.ctors)

.rel.dtors
 *(.rel.dtors)

.rela.dtors
 *(.rela.dtors)

.rel.got
 *(.rel.got)

.rela.got
 *(.rela.got)

.rel.bss
 *(.rel.bss)

.rela.bss
 *(.rela.bss)

.rel.plt
 *(.rel.plt)

.rela.plt
 *(.rela.plt)

.text           0x0000000000007800      0x41c
 *(.vectors)
 .vectors       0x0000000000007800       0xb4 /opt/local/lib/gcc/avr/9.1.0/../../../../avr/lib/avr5/crtatmega328pb.o
                0x0000000000007800                __vectors
                0x0000000000007800                __vector_default
 *(.vectors)
 *(.progmem.gcc*)
                0x00000000000078b4                . = ALIGN (0x2)
                0x00000000000078b4                __trampolines_start = .
 *(.trampolines)
 .trampolines   0x00000000000078b4        0x0 linker stubs
 *(.trampolines*)
                0x00000000000078b4                __trampolines_end = .
 *libprintf_flt.a:*(.progmem.data)
 *libc.a:*(.progmem.data)
 *(.progmem.*)
                0x00000000000078b4                . = ALIGN (0x2)
 *(.lowtext)
 *(.lowtext*)
                0x00000000000078b4                __ctors_start = .
 *(.ctors)
                0x00000000000078b4                __ctors_end = .
                0x00000000000078b4                __dtors_start = .
 *(.dtors)
                0x00000000000078b4                __dtors_end = .
 SORT_BY_NAME(*)(.ctors)
 SORT_BY_NAME(*)(.dtors)
 *(.init0)
 .init0         0x00000000000078b4        0x0 /opt/local/lib/gcc/avr/9.1.0/../../../../avr/lib/avr5/crtatmega328pb.o
                0x00000000000078b4                __init
 *(.init0)
 *(.init1)
 *(.init1)
 *(.init2)
 .init2         0x00000000000078b4        0xc /opt/local/lib/gcc/avr/9.1.0/../../../../avr/lib/avr5/crtatmega328pb.o
 *(.init2)
 *(.init3)
 .init3         0x00000000000078c0        0xc main.o
                0x00000000000078c0                disable_wdt_timer
 *(.init3)
 *(.init4)
 .init4         0x00000000000078cc       0x16 /opt/local/lib/gcc/avr/9.1.0/avr5/libgcc.a(_copy_data.o)
                0x00000000000078cc                __do_copy_data
 .init4         0x00000000000078e2       0x10 /opt/local/lib/gcc/avr/9.1.0/avr5/libgcc.a(_clear_bss.o)
                0x00000000000078e2                __do_clear_bss
 *(.init4)
 *(.init5)
 *(.init5)
 *(.init6)
 *(.init6)
 *(.init7)
 *(.init7)
 *(.init8)
 *(.init8)
 *(.init9)
 .init9         0x00000000000078f2        0x4 /opt/local/lib/gcc/avr/9.1.0/../../../../avr/lib/avr5/crtatmega328pb.o
 *(.init9)
 *(.text)
 .text          0x00000000000078f6        0x2 /opt/local/lib/gcc/avr/9.1.0/../../../../avr/lib/avr5/crtatmega328pb.o
                0x00000000000078f6                __vector_42
                0x00000000000078f6                __vector_22
                0x00000000000078f6                __vector_28
                0x00000000000078f6                __vector_1
                0x00000000000078f6                __vector_32
                0x00000000000078f6                __vector_34
                0x00000000000078f6                __vector_24
                0x00000000000078f6                __vector_12
                0x00000000000078f6                __bad_interrupt
                0x00000000000078f6                __vector_6
                0x00000000000078f6                __vector_31
                0x00000000000078f6                __vector_35
                0x00000000000078f6                __vector_39
                0x00000000000078f6                __vector_3
                0x00000000000078f6                __vector_23
                0x00000000000078f6                __vector_30
                0x00000000000078f6                __vector_25
                0x00000000000078f6                __vector_11
                0x00000000000078f6                __vector_13
                0x00000000000078f6                __vector_17
                0x00000000000078f6                __vector_19
                0x00000000000078f6                __vector_7
                0x00000000000078f6                __vector_41
                0x00000000000078f6                __vector_43
                0x00000000000078f6                __vector_27
                0x00000000000078f6                __vector_5
                0x00000000000078f6                __vector_33
                0x00000000000078f6                __vector_37
                0x00000000000078f6                __vector_4
                0x00000000000078f6                __vector_44
                0x00000000000078f6                __vector_9
                0x00000000000078f6                __vector_2
                0x00000000000078f6                __vector_21
                0x00000000000078f6                __vector_15
                0x00000000000078f6                __vector_36
                0x00000000000078f6                __vector_29
                0x00000000000078f6                __vector_8
                0x00000000000078f6                __vector_26
                0x00000000000078f6                __vector_14
                0x00000000000078f6                __vector_10
                0x00000000000078f6                __vector_18
                0x00000000000078f6                __vector_20
                0x00000000000078f6                __vector_38
                0x00000000000078f8                . = ALIGN (0x2)
 *(.text.*)
 .text.__vector_40
                0x00000000000078f8      0x27e main.o
                0x00000000000078f8                __vector_40
 .text.__vector_16
                0x0000000000007b76       0x30 main.o
                0x0000000000007b76                __vector_16
 .text.startup.main
                0x0000000000007ba6       0x4c main.o
                0x0000000000007ba6                main
 .text.I2C_0_initialization
                0x0000000000007bf2        0xe port_init.o
                0x0000000000007bf2                I2C_0_initialization
 .text.port_init
                0x0000000000007c00       0x18 port_init.o
                0x0000000000007c00                port_init
                0x0000000000007c18                . = ALIGN (0x2)
 *(.fini9)
 .fini9         0x0000000000007c18        0x0 /opt/local/lib/gcc/avr/9.1.0/avr5/libgcc.a(_exit.o)
                0x0000000000007c18                exit
                0x0000000000007c18                _exit
 *(.fini9)
 *(.fini8)
 *(.fini8)
 *(.fini7)
 *(.fini7)
 *(.fini6)
 *(.fini6)
 *(.fini5)
 *(.fini5)
 *(.fini4)
 *(.fini4)
 *(.fini3)
 *(.fini3)
 *(.fini2)
 *(.fini2)
 *(.fini1)
 *(.fini1)
 *(.fini0)
 .fini0         0x0000000000007c18        0x4 /opt/local/lib/gcc/avr/9.1.0/avr5/libgcc.a(_exit.o)
 *(.fini0)
 *(.hightext)
 *(.hightext*)
 *(.progmemx.*)
                0x0000000000007c1c                . = ALIGN (0x2)
 *(.jumptables)
 *(.jumptables*)
                0x0000000000007c1c                _etext = .

.data           0x0000000000800100       0x1a load address 0x0000000000007c1c
                0x0000000000800100                PROVIDE (__data_start = .)
 *(.data)
 *(.data*)
 .data.boot_timeout
                0x0000000000800100        0x1 main.o
 *(.gnu.linkonce.d*)
 *(.rodata)
 *(.rodata*)
 .rodata.chipinfo
                0x0000000000800101        0x8 main.o
 .rodata.info   0x0000000000800109       0x10 main.o
 *(.gnu.linkonce.r*)
                0x000000000080011a                . = ALIGN (0x2)
 *fill*         0x0000000000800119        0x1 
                0x000000000080011a                _edata = .
                0x000000000080011a                PROVIDE (__data_end = .)

.bss            0x000000000080011a       0x84
                0x000000000080011a                PROVIDE (__bss_start = .)
 *(.bss)
 *(.bss*)
 .bss.bcnt.2091
                0x000000000080011a        0x1 main.o
 .bss.addr      0x000000000080011b        0x2 main.o
 .bss.buf       0x000000000080011d       0x80 main.o
 .bss.cmd       0x000000000080019d        0x1 main.o
 *(COMMON)
                0x000000000080019e                PROVIDE (__bss_end = .)
                0x0000000000007c1c                __data_load_start = LOADADDR (.data)
                0x0000000000007c36                __data_load_end = (__data_load_start + SIZEOF (.data))

.noinit         0x000000000080019e        0x0
                [!provide]                        PROVIDE (__noinit_start = .)
 *(.noinit*)
                [!provide]                        PROVIDE (__noinit_end = .)
                0x000000000080019e                _end = .
                [!provide]                        PROVIDE (__heap_start = .)

.eeprom         0x0000000000810000        0x0
 *(.eeprom*)
                0x0000000000810000                __eeprom_end = .

.fuse
 *(.fuse)
 *(.lfuse)
 *(.hfuse)
 *(.efuse)

.lock
 *(.lock*)

.signature
 *(.signature*)

.stab           0x0000000000000000     0x13b0
 *(.stab)
 .stab          0x0000000000000000      0xd50 main.o
 .stab          0x0000000000000d50      0x468 port_init.o
                                        0x6e4 (size before relaxing)
 .stab          0x00000000000011b8       0x6c /opt/local/lib/gcc/avr/9.1.0/avr5/libgcc.a(_exit.o)
                                         0x78 (size before relaxing)
 .stab          0x0000000000001224       0xd8 /opt/local/lib/gcc/avr/9.1.0/avr5/libgcc.a(_copy_data.o)
                                         0xe4 (size before relaxing)
 .stab          0x00000000000012fc       0xb4 /opt/local/lib/gcc/avr/9.1.0/avr5/libgcc.a(_clear_bss.o)
                                         0xc0 (size before relaxing)

.stabstr        0x0000000000000000     0x1208
 *(.stabstr)
 .stabstr       0x0000000000000000     0x1208 main.o

.stab.excl
 *(.stab.excl)

.stab.exclstr
 *(.stab.exclstr)

.stab.index
 *(.stab.index)

.stab.indexstr
 *(.stab.indexstr)

.comment        0x0000000000000000       0x11
 *(.comment)
 .comment       0x0000000000000000       0x11 main.o
                                         0x12 (size before relaxing)
 .comment       0x0000000000000011       0x12 port_init.o

.note.gnu.avr.deviceinfo
                0x0000000000000000       0x40
 .note.gnu.avr.deviceinfo
                0x0000000000000000       0x40 /opt/local/lib/gcc/avr/9.1.0/../../../../avr/lib/avr5/crtatmega328pb.o

.note.gnu.build-id
 *(.note.gnu.build-id)

.debug
 *(.debug)

.line
 *(.line)

.debug_srcinfo
 *(.debug_srcinfo)

.debug_sfnames
 *(.debug_sfnames)

.debug_aranges
 *(.debug_aranges)

.debug_pubnames
 *(.debug_pubnames)

.debug_info     0x0000000000000000      0x8ea
 *(.debug_info .gnu.linkonce.wi.*)
 .debug_info    0x0000000000000000      0x8ea /opt/local/lib/gcc/avr/9.1.0/../../../../avr/lib/avr5/crtatmega328pb.o

.debug_abbrev   0x0000000000000000      0x86e
 *(.debug_abbrev)
 .debug_abbrev  0x0000000000000000      0x86e /opt/local/lib/gcc/avr/9.1.0/../../../../avr/lib/avr5/crtatmega328pb.o

.debug_line     0x0000000000000000      0x1a6
 *(.debug_line .debug_line.* .debug_line_end)
 .debug_line    0x0000000000000000      0x1a6 /opt/local/lib/gcc/avr/9.1.0/../../../../avr/lib/avr5/crtatmega328pb.o

.debug_frame
 *(.debug_frame)

.debug_str      0x0000000000000000      0x318
 *(.debug_str)
 .debug_str     0x0000000000000000      0x318 /opt/local/lib/gcc/avr/9.1.0/../../../../avr/lib/avr5/crtatmega328pb.o

.debug_loc
 *(.debug_loc)

.debug_macinfo
 *(.debug_macinfo)

.debug_weaknames
 *(.debug_weaknames)

.debug_funcnames
 *(.debug_funcnames)

.debug_typenames
 *(.debug_typenames)

.debug_varnames
 *(.debug_varnames)

.debug_pubtypes
 *(.debug_pubtypes)

.debug_ranges
 *(.debug_ranges)

.debug_macro
 *(.debug_macro)

.debug_addr
 *(.debug_addr)
OUTPUT(bootloader.elf elf32-avr)
LOAD linker stubs

Cross Reference Table

Symbol                                            File
I2C_0_initialization                              port_init.o
I2C_1_initialization                              port_init.o
__DATA_REGION_LENGTH__                            /opt/local/lib/gcc/avr/9.1.0/../../../../avr/lib/avr5/crtatmega328pb.o
__DATA_REGION_ORIGIN__                            /opt/local/lib/gcc/avr/9.1.0/../../../../avr/lib/avr5/crtatmega328pb.o
__EEPROM_REGION_LENGTH__                          /opt/local/lib/gcc/avr/9.1.0/../../../../avr/lib/avr5/crtatmega328pb.o
__FUSE_REGION_LENGTH__                            /opt/local/lib/gcc/avr/9.1.0/../../../../avr/lib/avr5/crtatmega328pb.o
__TEXT_REGION_LENGTH__                            /opt/local/lib/gcc/avr/9.1.0/../../../../avr/lib/avr5/crtatmega328pb.o
__TEXT_REGION_ORIGIN__                            /opt/local/lib/gcc/avr/9.1.0/../../../../avr/lib/avr5/crtatmega328pb.o
__bad_interrupt                                   /opt/local/lib/gcc/avr/9.1.0/../../../../avr/lib/avr5/crtatmega328pb.o
__bss_end                                         /opt/local/lib/gcc/avr/9.1.0/avr5/libgcc.a(_clear_bss.o)
__bss_start                                       /opt/local/lib/gcc/avr/9.1.0/avr5/libgcc.a(_clear_bss.o)
__data_end                                        /opt/local/lib/gcc/avr/9.1.0/avr5/libgcc.a(_copy_data.o)
__data_load_start                                 /opt/local/lib/gcc/avr/9.1.0/avr5/libgcc.a(_copy_data.o)
__data_start                                      /opt/local/lib/gcc/avr/9.1.0/avr5/libgcc.a(_copy_data.o)
__do_clear_bss                                    /opt/local/lib/gcc/avr/9.1.0/avr5/libgcc.a(_clear_bss.o)
                                                  main.o
__do_copy_data                                    /opt/local/lib/gcc/avr/9.1.0/avr5/libgcc.a(_copy_data.o)
                                                  main.o
__heap_end                                        /opt/local/lib/gcc/avr/9.1.0/../../../../avr/lib/avr5/crtatmega328pb.o
__init                                            /opt/local/lib/gcc/avr/9.1.0/../../../../avr/lib/avr5/crtatmega328pb.o
__stack                                           /opt/local/lib/gcc/avr/9.1.0/../../../../avr/lib/avr5/crtatmega328pb.o
__vector_1                                        /opt/local/lib/gcc/avr/9.1.0/../../../../avr/lib/avr5/crtatmega328pb.o
__vector_10                                       /opt/local/lib/gcc/avr/9.1.0/../../../../avr/lib/avr5/crtatmega328pb.o
__vector_11                                       /opt/local/lib/gcc/avr/9.1.0/../../../../avr/lib/avr5/crtatmega328pb.o
__vector_12                                       /opt/local/lib/gcc/avr/9.1.0/../../../../avr/lib/avr5/crtatmega328pb.o
__vector_13                                       /opt/local/lib/gcc/avr/9.1.0/../../../../avr/lib/avr5/crtatmega328pb.o
__vector_14                                       /opt/local/lib/gcc/avr/9.1.0/../../../../avr/lib/avr5/crtatmega328pb.o
__vector_15                                       /opt/local/lib/gcc/avr/9.1.0/../../../../avr/lib/avr5/crtatmega328pb.o
__vector_16                                       main.o
                                                  /opt/local/lib/gcc/avr/9.1.0/../../../../avr/lib/avr5/crtatmega328pb.o
__vector_17                                       /opt/local/lib/gcc/avr/9.1.0/../../../../avr/lib/avr5/crtatmega328pb.o
__vector_18                                       /opt/local/lib/gcc/avr/9.1.0/../../../../avr/lib/avr5/crtatmega328pb.o
__vector_19                                       /opt/local/lib/gcc/avr/9.1.0/../../../../avr/lib/avr5/crtatmega328pb.o
__vector_2                                        /opt/local/lib/gcc/avr/9.1.0/../../../../avr/lib/avr5/crtatmega328pb.o
__vector_20                                       /opt/local/lib/gcc/avr/9.1.0/../../../../avr/lib/avr5/crtatmega328pb.o
__vector_21                                       /opt/local/lib/gcc/avr/9.1.0/../../../../avr/lib/avr5/crtatmega328pb.o
__vector_22                                       /opt/local/lib/gcc/avr/9.1.0/../../../../avr/lib/avr5/crtatmega328pb.o
__vector_23                                       /opt/local/lib/gcc/avr/9.1.0/../../../../avr/lib/avr5/crtatmega328pb.o
__vector_24                                       /opt/local/lib/gcc/avr/9.1.0/../../../../avr/lib/avr5/crtatmega328pb.o
__vector_25                                       /opt/local/lib/gcc/avr/9.1.0/../../../../avr/lib/avr5/crtatmega328pb.o
__vector_26                                       /opt/local/lib/gcc/avr/9.1.0/../../../../avr/lib/avr5/crtatmega328pb.o
__vector_27                                       /opt/local/lib/gcc/avr/9.1.0/../../../../avr/lib/avr5/crtatmega328pb.o
__vector_28                                       /opt/local/lib/gcc/avr/9.1.0/../../../../avr/lib/avr5/crtatmega328pb.o
__vector_29                                       /opt/local/lib/gcc/avr/9.1.0/../../../../avr/lib/avr5/crtatmega328pb.o
__vector_3                                        /opt/local/lib/gcc/avr/9.1.0/../../../../avr/lib/avr5/crtatmega328pb.o
__vector_30                                       /opt/local/lib/gcc/avr/9.1.0/../../../../avr/lib/avr5/crtatmega328pb.o
__vector_31                                       /opt/local/lib/gcc/avr/9.1.0/../../../../avr/lib/avr5/crtatmega328pb.o
__vector_32                                       /opt/local/lib/gcc/avr/9.1.0/../../../../avr/lib/avr5/crtatmega328pb.o
__vector_33                                       /opt/local/lib/gcc/avr/9.1.0/../../../../avr/lib/avr5/crtatmega328pb.o
__vector_34                                       /opt/local/lib/gcc/avr/9.1.0/../../../../avr/lib/avr5/crtatmega328pb.o
__vector_35                                       /opt/local/lib/gcc/avr/9.1.0/../../../../avr/lib/avr5/crtatmega328pb.o
__vector_36                                       /opt/local/lib/gcc/avr/9.1.0/../../../../avr/lib/avr5/crtatmega328pb.o
__vector_37                                       /opt/local/lib/gcc/avr/9.1.0/../../../../avr/lib/avr5/crtatmega328pb.o
__vector_38                                       /opt/local/lib/gcc/avr/9.1.0/../../../../avr/lib/avr5/crtatmega328pb.o
__vector_39                                       /opt/local/lib/gcc/avr/9.1.0/../../../../avr/lib/avr5/crtatmega328pb.o
__vector_4                                        /opt/local/lib/gcc/avr/9.1.0/../../../../avr/lib/avr5/crtatmega328pb.o
__vector_40                                       main.o
                                                  /opt/local/lib/gcc/avr/9.1.0/../../../../avr/lib/avr5/crtatmega328pb.o
__vector_41                                       /opt/local/lib/gcc/avr/9.1.0/../../../../avr/lib/avr5/crtatmega328pb.o
__vector_42                                       /opt/local/lib/gcc/avr/9.1.0/../../../../avr/lib/avr5/crtatmega328pb.o
__vector_43                                       /opt/local/lib/gcc/avr/9.1.0/../../../../avr/lib/avr5/crtatmega328pb.o
__vector_44                                       /opt/local/lib/gcc/avr/9.1.0/../../../../avr/lib/avr5/crtatmega328pb.o
__vector_5                                        /opt/local/lib/gcc/avr/9.1.0/../../../../avr/lib/avr5/crtatmega328pb.o
__vector_6                                        /opt/local/lib/gcc/avr/9.1.0/../../../../avr/lib/avr5/crtatmega328pb.o
__vector_7                                        /opt/local/lib/gcc/avr/9.1.0/../../../../avr/lib/avr5/crtatmega328pb.o
__vector_8                                        /opt/local/lib/gcc/avr/9.1.0/../../../../avr/lib/avr5/crtatmega328pb.o
__vector_9                                        /opt/local/lib/gcc/avr/9.1.0/../../../../avr/lib/avr5/crtatmega328pb.o
__vector_default                                  /opt/local/lib/gcc/avr/9.1.0/../../../../avr/lib/avr5/crtatmega328pb.o
__vectors                                         /opt/local/lib/gcc/avr/9.1.0/../../../../avr/lib/avr5/crtatmega328pb.o
_exit                                             /opt/local/lib/gcc/avr/9.1.0/avr5/libgcc.a(_exit.o)
disable_wdt_timer                                 main.o
exit                                              /opt/local/lib/gcc/avr/9.1.0/avr5/libgcc.a(_exit.o)
                                                  /opt/local/lib/gcc/avr/9.1.0/../../../../avr/lib/avr5/crtatmega328pb.o
main                                              main.o
                                                  /opt/local/lib/gcc/avr/9.1.0/../../../../avr/lib/avr5/crtatmega328pb.o
port_init                                         port_init.o
                                                  main.o
